// Jest Snapshot v1, https://goo.gl/fbAQLP

exports[`<Button /> should render component 1`] = `
ShallowWrapper {
  Symbol(enzyme.__root__): [Circular],
  Symbol(enzyme.__unrendered__): <_default />,
  Symbol(enzyme.__renderer__): Object {
    "batchedUpdates": [Function],
    "checkPropTypes": [Function],
    "getNode": [Function],
    "render": [Function],
    "simulateError": [Function],
    "simulateEvent": [Function],
    "unmount": [Function],
  },
  Symbol(enzyme.__node__): Object {
    "instance": null,
    "key": undefined,
    "nodeType": "function",
    "props": Object {
      "children": undefined,
    },
    "ref": null,
    "rendered": null,
    "type": Object {
      "$$typeof": Symbol(react.forward_ref),
      "attrs": Array [],
      "componentStyle": ComponentStyle {
        "componentId": "sc-bdVaJa",
        "isStatic": false,
        "rules": Array [
          "
  width: 128px;
  height: 32px;
  background-color: ",
          [Function],
          ";
  color: white;
  border: none;
  border-radius: 3px;
  transition: all 0.3s ease;
  cursor: pointer;
  outline: none;

  &:active,
  &:focus,
  &:hover {
    background-color: ",
          [Function],
          ";
  }
",
        ],
      },
      "displayName": "styled.button",
      "foldedComponentIds": Array [],
      "propTypes": Object {
        "label": [Function],
        "onClick": [Function],
      },
      "render": [Function],
      "styledComponentId": "sc-bdVaJa",
      "target": "button",
      "toString": [Function],
      "warnTooManyClasses": [Function],
      "withComponent": [Function],
    },
  },
  Symbol(enzyme.__nodes__): Array [
    Object {
      "instance": null,
      "key": undefined,
      "nodeType": "function",
      "props": Object {
        "children": undefined,
      },
      "ref": null,
      "rendered": null,
      "type": Object {
        "$$typeof": Symbol(react.forward_ref),
        "attrs": Array [],
        "componentStyle": ComponentStyle {
          "componentId": "sc-bdVaJa",
          "isStatic": false,
          "rules": Array [
            "
  width: 128px;
  height: 32px;
  background-color: ",
            [Function],
            ";
  color: white;
  border: none;
  border-radius: 3px;
  transition: all 0.3s ease;
  cursor: pointer;
  outline: none;

  &:active,
  &:focus,
  &:hover {
    background-color: ",
            [Function],
            ";
  }
",
          ],
        },
        "displayName": "styled.button",
        "foldedComponentIds": Array [],
        "propTypes": Object {
          "label": [Function],
          "onClick": [Function],
        },
        "render": [Function],
        "styledComponentId": "sc-bdVaJa",
        "target": "button",
        "toString": [Function],
        "warnTooManyClasses": [Function],
        "withComponent": [Function],
      },
    },
  ],
  Symbol(enzyme.__options__): Object {
    "adapter": ReactSixteenAdapter {
      "options": Object {
        "enableComponentDidUpdateOnSetState": true,
        "legacyContextMode": "parent",
        "lifecycles": Object {
          "componentDidUpdate": Object {
            "onSetState": true,
          },
          "getChildContext": Object {
            "calledByRenderer": false,
          },
          "getDerivedStateFromProps": Object {
            "hasShouldComponentUpdateBug": false,
          },
          "getSnapshotBeforeUpdate": true,
          "setState": Object {
            "skipsComponentDidUpdateOnNullish": true,
          },
        },
      },
    },
  },
}
`;
